[Hospital] CareSync AI Patient Care System - Full Test Suite
Starting comprehensive system validation...

======================================================================
  CORE ENDPOINTS
======================================================================
C:/Users/pavan/AppData/Local/Microsoft/WindowsApps/python3.13.ex
e : Traceback (most recent call last):
At line:1 char:1
+ C:/Users/pavan/AppData/Local/Microsoft/WindowsApps/python3.13.
exe run ...
+ ~~~~~~~~~~~~~~~~~~~~~~~~~~~~~~~~~~~~~~~~~~~~~~~~~~~~~~~~~~~~~~
~~~~~~~
    + CategoryInfo          : NotSpecified: (Traceback (most re 
   cent call last)::String) [], RemoteException
    + FullyQualifiedErrorId : NativeCommandError
 
  File "C:\projects\Patient-Care\run_full_test_suite.py", line 
49, in test_core_endpoints
    test_result(f"GET {endpoint}", resp.status_code == 200, 
f"Status: {resp.status_code}")
    ~~~~~~~~~~~^^^^^^^^^^^^^^^^^^^^^^^^^^^^^^^^^^^^^^^^^^^^^^^^^
^^^^^^^^^^^^^^^^^^^^^^^^^^
  File "C:\projects\Patient-Care\run_full_test_suite.py", line 
25, in test_result
    print(f"{status} {name}")
    ~~~~~^^^^^^^^^^^^^^^^^^^^
  File "C:\Program Files\WindowsApps\PythonSoftwareFoundation.Py
thon.3.13_3.13.2544.0_x64__qbz5n2kfra8p0\Lib\encodings\cp1252.py
", line 19, in encode
    return 
codecs.charmap_encode(input,self.errors,encoding_table)[0]
           
~~~~~~~~~~~~~~~~~~~~~^^^^^^^^^^^^^^^^^^^^^^^^^^^^^^^^^^
UnicodeEncodeError: 'charmap' codec can't encode character 
'\u2713' in position 0: character maps to <undefined>

During handling of the above exception, another exception 
occurred:

Traceback (most recent call last):
  File "C:\projects\Patient-Care\run_full_test_suite.py", line 
221, in <module>
    test_core_endpoints()
    ~~~~~~~~~~~~~~~~~~~^^
  File "C:\projects\Patient-Care\run_full_test_suite.py", line 
51, in test_core_endpoints
    test_result(f"GET {endpoint}", False, f"Error: 
{str(e)[:50]}")
    
~~~~~~~~~~~^^^^^^^^^^^^^^^^^^^^^^^^^^^^^^^^^^^^^^^^^^^^^^^^^^^
  File "C:\projects\Patient-Care\run_full_test_suite.py", line 
25, in test_result
    print(f"{status} {name}")
    ~~~~~^^^^^^^^^^^^^^^^^^^^
  File "C:\Program Files\WindowsApps\PythonSoftwareFoundation.Py
thon.3.13_3.13.2544.0_x64__qbz5n2kfra8p0\Lib\encodings\cp1252.py
", line 19, in encode
    return 
codecs.charmap_encode(input,self.errors,encoding_table)[0]
           
~~~~~~~~~~~~~~~~~~~~~^^^^^^^^^^^^^^^^^^^^^^^^^^^^^^^^^^
UnicodeEncodeError: 'charmap' codec can't encode character 
'\u2717' in position 0: character maps to <undefined>
